// Jest Snapshot v1, https://goo.gl/fbAQLP

exports[`<Home /> Renders correctly 1`] = `ShallowWrapper {}`;

exports[`<Home /> renders correctly 1`] = `
<div
  className="container pb-5"
>
  <br />
  <br />
  <h1
    style={
      Object {
        "textAlign": "center",
      }
    }
  >
    Getting fat in lockdown
  </h1>
  <h2>
    Share only FAT recipes that can make us very fat :)
  </h2>
  <br />
  <br />
  <img
    alt="logo"
    className="logo-img"
    src="logo.jpg"
  />
  <hr />
</div>
`;
